HTTP/1.1 200 OK
Connection: keep-alive
Transfer-Encoding: chunked

Hello, world!
