HTTP/1.1 200 OK
Connection: keep-alive
Transfer-Encoding: chunked

Hello, world!

HTTP/1.1 200 OK
Connection: keep-alive
Transfer-Encoding: chunked

Everything is awesome.

HTTP/1.1 404 Not Found
Connection: keep-alive
Transfer-Encoding: chunked


